Hardik@DESKTOP-4101HOP MINGW64 ~/Desktop/gittry/sdm (main)
$ git status
On branch main
Your branch is up to date with 'origin/main'.

Changes not staged for commit:
  (use "git add <file>..." to update what will be committed)
  (use "git restore <file>..." to discard changes in working directory)
        modified:   Primenum.java

no changes added to commit (use "git add" and/or "git commit -a")

Hardik@DESKTOP-4101HOP MINGW64 ~/Desktop/gittry/sdm (main)
$ git add .

Hardik@DESKTOP-4101HOP MINGW64 ~/Desktop/gittry/sdm (main)
$ git status
On branch main
Your branch is up to date with 'origin/main'.

Changes to be committed:
  (use "git restore --staged <file>..." to unstage)
        modified:   Primenum.java


Hardik@DESKTOP-4101HOP MINGW64 ~/Desktop/gittry/sdm (main)
$ git commit -m "program"
Author identity unknown

*** Please tell me who you are.

Run

  git config --global user.email "you@example.com"
  git config --global user.name "Your Name"

to set your account's default identity.
Omit --global to set the identity only in this repository.

fatal: unable to auto-detect email address (got 'Hardik@DESKTOP-4101HOP.(none)')

Hardik@DESKTOP-4101HOP MINGW64 ~/Desktop/gittry/sdm (main)
$ git ^C

Hardik@DESKTOP-4101HOP MINGW64 ~/Desktop/gittry/sdm (main)
$  git config --global user.email "hardikparab2@gmail.com"

Hardik@DESKTOP-4101HOP MINGW64 ~/Desktop/gittry/sdm (main)
$ git commit -m "program"
[main 2727cee] program
 1 file changed, 1 insertion(+), 1 deletion(-)

Hardik@DESKTOP-4101HOP MINGW64 ~/Desktop/gittry/sdm (main)
$ git push
Enumerating objects: 5, done.
Counting objects: 100% (5/5), done.
Delta compression using up to 4 threads
Compressing objects: 100% (3/3), done.
Writing objects: 100% (3/3), 306 bytes | 306.00 KiB/s, done.
Total 3 (delta 2), reused 0 (delta 0), pack-reused 0
remote: Resolving deltas: 100% (2/2), completed with 2 local objects.
To https://github.com/hardikparab96/sdm.git
   6fcffb6..2727cee  main -> main
